// Jest Snapshot v1, https://goo.gl/fbAQLP

exports[`Calculator Component should render the component correctly 1`] = `ShallowWrapper {}`;
